current directory: /Users/aswinsagar/Desktop/postdoc_potential/postdoc-potential.github.io/vendor/bundle/ruby/3.3.0/gems/racc-1.8.1/ext/racc/cparse
/Users/aswinsagar/.rbenv/versions/3.3.0/bin/ruby extconf.rb
creating Makefile

current directory: /Users/aswinsagar/Desktop/postdoc_potential/postdoc-potential.github.io/vendor/bundle/ruby/3.3.0/gems/racc-1.8.1/ext/racc/cparse
make DESTDIR\= sitearchdir\=./.gem.20260904-9192-z33a8r sitelibdir\=./.gem.20260904-9192-z33a8r clean

current directory: /Users/aswinsagar/Desktop/postdoc_potential/postdoc-potential.github.io/vendor/bundle/ruby/3.3.0/gems/racc-1.8.1/ext/racc/cparse
make DESTDIR\= sitearchdir\=./.gem.20260904-9192-z33a8r sitelibdir\=./.gem.20260904-9192-z33a8r
compiling cparse.c
In file included from cparse.c:12:
In file included from /Users/aswinsagar/.rbenv/versions/3.3.0/include/ruby-3.3.0/ruby.h:38:
In file included from /Users/aswinsagar/.rbenv/versions/3.3.0/include/ruby-3.3.0/ruby/ruby.h:28:
In file included from /Users/aswinsagar/.rbenv/versions/3.3.0/include/ruby-3.3.0/ruby/internal/arithmetic.h:24:
In file included from /Users/aswinsagar/.rbenv/versions/3.3.0/include/ruby-3.3.0/ruby/internal/arithmetic/char.h:29:
/Users/aswinsagar/.rbenv/versions/3.3.0/include/ruby-3.3.0/ruby/internal/core/rstring.h:398:24: warning: default initialization of an object of type 'struct RString' with const member leaves the object uninitialized [-Wdefault-const-init-field-unsafe]
  398 |         struct RString retval;
      |                        ^
/Users/aswinsagar/.rbenv/versions/3.3.0/include/ruby-3.3.0/ruby/internal/core/rbasic.h:88:17: note: member 'klass' declared 'const' here
   88 |     const VALUE klass;
      |                 ^
1 warning generated.
linking shared-object racc/cparse.bundle

current directory: /Users/aswinsagar/Desktop/postdoc_potential/postdoc-potential.github.io/vendor/bundle/ruby/3.3.0/gems/racc-1.8.1/ext/racc/cparse
make DESTDIR\= sitearchdir\=./.gem.20260904-9192-z33a8r sitelibdir\=./.gem.20260904-9192-z33a8r install
/usr/bin/install -c -m 0755 cparse.bundle ./.gem.20260904-9192-z33a8r/racc

current directory: /Users/aswinsagar/Desktop/postdoc_potential/postdoc-potential.github.io/vendor/bundle/ruby/3.3.0/gems/racc-1.8.1/ext/racc/cparse
make DESTDIR\= sitearchdir\=./.gem.20260904-9192-z33a8r sitelibdir\=./.gem.20260904-9192-z33a8r clean
